c:\users\core\desktop\cpprepo_learn\cpp_learn\x64\debug\vc143.pdb
c:\users\core\desktop\cpprepo_learn\cpp_learn\x64\debug\vc143.idb
c:\users\core\desktop\cpprepo_learn\cpp_learn\x64\debug\c5_template.obj
c:\users\core\desktop\cpprepo_learn\cpp_learn\x64\debug\c4_oop_app.obj
c:\users\core\desktop\cpprepo_learn\cpp_learn\x64\debug\c3_constructor_destructor.obj
c:\users\core\desktop\cpprepo_learn\cpp_learn\x64\debug\c2_objpointer.obj
c:\users\core\desktop\cpprepo_learn\cpp_learn\x64\debug\c1_concept.obj
c:\users\core\desktop\cpprepo_learn\x64\debug\cpp_learn.exe
c:\users\core\desktop\cpprepo_learn\x64\debug\cpp_learn.pdb
c:\users\core\desktop\cpprepo_learn\cpp_learn\x64\debug\cpp_learn.res
c:\users\core\desktop\cpprepo_learn\cpp_learn\x64\debug\cpp_learn.ilk
c:\users\core\desktop\cpprepo_learn\cpp_learn\x64\debug\cpp_learn.tlog\cl.command.1.tlog
c:\users\core\desktop\cpprepo_learn\cpp_learn\x64\debug\cpp_learn.tlog\cl.items.tlog
c:\users\core\desktop\cpprepo_learn\cpp_learn\x64\debug\cpp_learn.tlog\cl.read.1.tlog
c:\users\core\desktop\cpprepo_learn\cpp_learn\x64\debug\cpp_learn.tlog\cl.write.1.tlog
c:\users\core\desktop\cpprepo_learn\cpp_learn\x64\debug\cpp_learn.tlog\link.command.1.tlog
c:\users\core\desktop\cpprepo_learn\cpp_learn\x64\debug\cpp_learn.tlog\link.read.1.tlog
c:\users\core\desktop\cpprepo_learn\cpp_learn\x64\debug\cpp_learn.tlog\link.secondary.1.tlog
c:\users\core\desktop\cpprepo_learn\cpp_learn\x64\debug\cpp_learn.tlog\link.write.1.tlog
c:\users\core\desktop\cpprepo_learn\cpp_learn\x64\debug\cpp_learn.tlog\rc.command.1.tlog
c:\users\core\desktop\cpprepo_learn\cpp_learn\x64\debug\cpp_learn.tlog\rc.read.1.tlog
c:\users\core\desktop\cpprepo_learn\cpp_learn\x64\debug\cpp_learn.tlog\rc.write.1.tlog
